// Jest Snapshot v1, https://goo.gl/fbAQLP

exports[`SearchBox renders correct as snapshot 1`] = `"<div class=\\"form-group\\"><label for=\\"search-input\\">Search GitHub repos:</label><input type=\\"text\\" id=\\"search-input\\" class=\\"form-control\\" placeholder=\\"Search\\"/></div>"`;
